WARNING: All log messages before absl::InitializeLog() is called are written to STDERR
I0000 00:00:1791263677.091204   11580 port.cc:153] oneDNN custom operations are on. You may see slightly different numerical results due to floating-point round-off errors from different computation orders. To turn them off, set the environment variable `TF_ENABLE_ONEDNN_OPTS=0`.
WARNING: All log messages before absl::InitializeLog() is called are written to STDERR
I0000 00:00:1791263680.689268   11580 port.cc:153] oneDNN custom operations are on. You may see slightly different numerical results due to floating-point round-off errors from different computation orders. To turn them off, set the environment variable `TF_ENABLE_ONEDNN_OPTS=0`.
SKIP 1/128 taiwan_bankruptcy__mlp__scratch__11
SKIP 2/128 taiwan_bankruptcy__mlp__pytorch__11
SKIP 3/128 taiwan_bankruptcy__mlp__keras__11
SKIP 4/128 taiwan_bankruptcy__logistic__sklearn__11
SKIP 5/128 taiwan_bankruptcy__random_forest__sklearn__11
SKIP 6/128 taiwan_bankruptcy__mlp__scratch__22
SKIP 7/128 taiwan_bankruptcy__mlp__pytorch__22
SKIP 8/128 taiwan_bankruptcy__mlp__keras__22
SKIP 9/128 taiwan_bankruptcy__logistic__sklearn__22
SKIP 10/128 taiwan_bankruptcy__random_forest__sklearn__22
SKIP 11/128 taiwan_bankruptcy__mlp__scratch__33
SKIP 12/128 taiwan_bankruptcy__mlp__pytorch__33
SKIP 13/128 taiwan_bankruptcy__mlp__keras__33
SKIP 14/128 taiwan_bankruptcy__logistic__sklearn__33
SKIP 15/128 taiwan_bankruptcy__random_forest__sklearn__33
SKIP 16/128 taiwan_bankruptcy__majority__baseline__0
SKIP 17/128 credit_default__mlp__scratch__11
SKIP 18/128 credit_default__mlp__pytorch__11
SKIP 19/128 credit_default__mlp__keras__11
SKIP 20/128 credit_default__logistic__sklearn__11
SKIP 21/128 credit_default__random_forest__sklearn__11
SKIP 22/128 credit_default__mlp__scratch__22
SKIP 23/128 credit_default__mlp__pytorch__22
SKIP 24/128 credit_default__mlp__keras__22
SKIP 25/128 credit_default__logistic__sklearn__22
SKIP 26/128 credit_default__random_forest__sklearn__22
SKIP 27/128 credit_default__mlp__scratch__33
SKIP 28/128 credit_default__mlp__pytorch__33
SKIP 29/128 credit_default__mlp__keras__33
SKIP 30/128 credit_default__logistic__sklearn__33
SKIP 31/128 credit_default__random_forest__sklearn__33
SKIP 32/128 credit_default__majority__baseline__0
SKIP 33/128 sp500__cnn4__scratch__11
SKIP 34/128 sp500__cnn4__pytorch__11
SKIP 35/128 sp500__cnn4__keras__11
SKIP 36/128 sp500__lstm__scratch__11
SKIP 37/128 sp500__lstm__pytorch__11
SKIP 38/128 sp500__lstm__keras__11
SKIP 39/128 sp500__cnn8__pytorch__11
SKIP 40/128 sp500__cnndeep__pytorch__11
SKIP 41/128 sp500__rnn__pytorch__11
SKIP 42/128 sp500__gru__pytorch__11
SKIP 43/128 sp500__cnn4__scratch__22
SKIP 44/128 sp500__cnn4__pytorch__22
SKIP 45/128 sp500__cnn4__keras__22
SKIP 46/128 sp500__lstm__scratch__22
SKIP 47/128 sp500__lstm__pytorch__22
SKIP 48/128 sp500__lstm__keras__22
SKIP 49/128 sp500__cnn8__pytorch__22
SKIP 50/128 sp500__cnndeep__pytorch__22
SKIP 51/128 sp500__rnn__pytorch__22
SKIP 52/128 sp500__gru__pytorch__22
SKIP 53/128 sp500__cnn4__scratch__33
SKIP 54/128 sp500__cnn4__pytorch__33
SKIP 55/128 sp500__cnn4__keras__33
SKIP 56/128 sp500__lstm__scratch__33
SKIP 57/128 sp500__lstm__pytorch__33
SKIP 58/128 sp500__lstm__keras__33
SKIP 59/128 sp500__cnn8__pytorch__33
SKIP 60/128 sp500__cnndeep__pytorch__33
SKIP 61/128 sp500__rnn__pytorch__33
SKIP 62/128 sp500__gru__pytorch__33
SKIP 63/128 sp500__majority__baseline__0
SKIP 64/128 sp500__persistence__baseline__0
SKIP 65/128 vnindex__cnn4__scratch__11
SKIP 66/128 vnindex__cnn4__pytorch__11
SKIP 67/128 vnindex__cnn4__keras__11
SKIP 68/128 vnindex__lstm__scratch__11
SKIP 69/128 vnindex__lstm__pytorch__11
SKIP 70/128 vnindex__lstm__keras__11
SKIP 71/128 vnindex__cnn8__pytorch__11
SKIP 72/128 vnindex__cnndeep__pytorch__11
SKIP 73/128 vnindex__rnn__pytorch__11
SKIP 74/128 vnindex__gru__pytorch__11
SKIP 75/128 vnindex__cnn4__scratch__22
SKIP 76/128 vnindex__cnn4__pytorch__22
SKIP 77/128 vnindex__cnn4__keras__22
SKIP 78/128 vnindex__lstm__scratch__22
SKIP 79/128 vnindex__lstm__pytorch__22
SKIP 80/128 vnindex__lstm__keras__22
SKIP 81/128 vnindex__cnn8__pytorch__22
SKIP 82/128 vnindex__cnndeep__pytorch__22
SKIP 83/128 vnindex__rnn__pytorch__22
SKIP 84/128 vnindex__gru__pytorch__22
SKIP 85/128 vnindex__cnn4__scratch__33
SKIP 86/128 vnindex__cnn4__pytorch__33
SKIP 87/128 vnindex__cnn4__keras__33
SKIP 88/128 vnindex__lstm__scratch__33
SKIP 89/128 vnindex__lstm__pytorch__33
SKIP 90/128 vnindex__lstm__keras__33
SKIP 91/128 vnindex__cnn8__pytorch__33
SKIP 92/128 vnindex__cnndeep__pytorch__33
SKIP 93/128 vnindex__rnn__pytorch__33
SKIP 94/128 vnindex__gru__pytorch__33
SKIP 95/128 vnindex__majority__baseline__0
SKIP 96/128 vnindex__persistence__baseline__0
SKIP 97/128 btc__cnn4__scratch__11
SKIP 98/128 btc__cnn4__pytorch__11
SKIP 99/128 btc__cnn4__keras__11
SKIP 100/128 btc__lstm__scratch__11
SKIP 101/128 btc__lstm__pytorch__11
SKIP 102/128 btc__lstm__keras__11
SKIP 103/128 btc__cnn8__pytorch__11
SKIP 104/128 btc__cnndeep__pytorch__11
SKIP 105/128 btc__rnn__pytorch__11
SKIP 106/128 btc__gru__pytorch__11
SKIP 107/128 btc__cnn4__scratch__22
SKIP 108/128 btc__cnn4__pytorch__22
SKIP 109/128 btc__cnn4__keras__22
SKIP 110/128 btc__lstm__scratch__22
SKIP 111/128 btc__lstm__pytorch__22
SKIP 112/128 btc__lstm__keras__22
SKIP 113/128 btc__cnn8__pytorch__22
SKIP 114/128 btc__cnndeep__pytorch__22
SKIP 115/128 btc__rnn__pytorch__22
SKIP 116/128 btc__gru__pytorch__22
SKIP 117/128 btc__cnn4__scratch__33
SKIP 118/128 btc__cnn4__pytorch__33
SKIP 119/128 btc__cnn4__keras__33
SKIP 120/128 btc__lstm__scratch__33
SKIP 121/128 btc__lstm__pytorch__33
SKIP 122/128 btc__lstm__keras__33
SKIP 123/128 btc__cnn8__pytorch__33
SKIP 124/128 btc__cnndeep__pytorch__33
SKIP 125/128 btc__rnn__pytorch__33
SKIP 126/128 btc__gru__pytorch__33
SKIP 127/128 btc__majority__baseline__0
SKIP 128/128 btc__persistence__baseline__0
COMPLETED 128 records
